// Jest Snapshot v1, https://goo.gl/fbAQLP

exports[`Change Password Request Form Renders correctly enzyme 1`] = `
<div
  class="MuiContainer-root MuiContainer-maxWidthSm css-wpa43l-MuiContainer-root"
>
  <div
    class="MuiPaper-root MuiPaper-elevation MuiPaper-rounded MuiPaper-elevation1 MuiCard-root css-rc1clv-MuiPaper-root-MuiCard-root"
  >
    <h5
      class="MuiTypography-root MuiTypography-h5 css-ph2xsj-MuiTypography-root"
    >
      Change Password Request
    </h5>
    <p
      class="MuiTypography-root MuiTypography-body2 css-16pdcnq-MuiTypography-root"
    >
      Clicking the link below will generate a new password reset link, which will be sent to your registered email address. Follow the link in the email to reset your password.
    </p>
    <button
      class="MuiButton-root MuiButton-contained MuiButton-containedPrimary MuiButton-sizeMedium MuiButton-containedSizeMedium MuiButton-fullWidth MuiButtonBase-root  css-1hpg5mo-MuiButtonBase-root-MuiButton-root"
      tabindex="0"
      type="button"
    >
      Change Password
    </button>
  </div>
</div>
`;
